2026-08-23 10:00:00 INFO Handling request req-0-0
2026-08-23 10:00:02 INFO Handling request req-2-1
2026-08-23 10:00:04 INFO Handling request req-4-2
2026-08-23 10:00:06 INFO Handling request req-6-3
2026-08-23 10:00:08 INFO Handling request req-8-4
2026-08-23 10:00:10 INFO Handling request req-10-5
2026-08-23 10:00:12 INFO Handling request req-12-6
2026-08-23 10:00:14 INFO Handling request req-14-7
2026-08-23 10:00:16 INFO Handling request req-16-8
2026-08-23 10:00:18 INFO Handling request req-18-9
2026-08-23 10:00:20 INFO Handling request req-20-10
2026-08-23 10:00:22 INFO Handling request req-22-11
2026-08-23 10:00:24 INFO Handling request req-24-12
2026-08-23 10:00:26 INFO Handling request req-26-13
2026-08-23 10:00:28 INFO Handling request req-28-14
2026-08-23 10:00:30 INFO Handling request req-30-15
2026-08-23 10:00:32 INFO Handling request req-32-16
2026-08-23 10:00:34 INFO Handling request req-34-17
2026-08-23 10:00:36 INFO Handling request req-36-18
2026-08-23 10:00:38 INFO Handling request req-38-19
2026-08-23 10:00:40 INFO Handling request req-40-20
2026-08-23 10:00:42 INFO Handling request req-42-21
2026-08-23 10:00:44 INFO Handling request req-44-22
2026-08-23 10:00:46 INFO Handling request req-46-23
2026-08-23 10:00:48 INFO Handling request req-48-24
2026-08-23 10:00:50 INFO Handling request req-50-25
2026-08-23 10:00:52 INFO Handling request req-52-26
2026-08-23 10:00:54 INFO Handling request req-54-27
2026-08-23 10:00:56 INFO Handling request req-56-28
2026-08-23 10:00:58 INFO Handling request req-58-29
2026-08-23 10:01:00 INFO Handling request req-60-30
2026-08-23 10:01:02 INFO Handling request req-62-31
2026-08-23 10:01:04 INFO Handling request req-64-32
2026-08-23 10:01:06 INFO Handling request req-66-33
2026-08-23 10:01:08 INFO Handling request req-68-34
2026-08-23 10:01:10 INFO Handling request req-70-35
2026-08-23 10:01:12 INFO Handling request req-72-36
2026-08-23 10:01:14 INFO Handling request req-74-37
2026-08-23 10:01:16 INFO Handling request req-76-38
2026-08-23 10:01:18 INFO Handling request req-78-39
2026-08-23 10:01:20 INFO Handling request req-80-40
2026-08-23 10:01:22 INFO Handling request req-82-41
2026-08-23 10:01:24 INFO Handling request req-84-42
2026-08-23 10:01:26 INFO Handling request req-86-43
2026-08-23 10:01:28 INFO Handling request req-88-44
2026-08-23 10:01:30 INFO Handling request req-90-45
2026-08-23 10:01:32 INFO Handling request req-92-46
2026-08-23 10:01:34 INFO Handling request req-94-47
2026-08-23 10:01:36 INFO Handling request req-96-48
2026-08-23 10:01:38 INFO Handling request req-98-49
2026-08-23 10:01:40 INFO Handling request req-100-50
2026-08-23 10:01:42 INFO Handling request req-102-51
2026-08-23 10:01:44 INFO Handling request req-104-52
2026-08-23 10:01:46 INFO Handling request req-106-53
2026-08-23 10:01:48 INFO Handling request req-108-54
2026-08-23 10:01:50 INFO Handling request req-110-55
2026-08-23 10:01:52 INFO Handling request req-112-56
2026-08-23 10:01:54 INFO Handling request req-114-57
2026-08-23 10:01:56 INFO Handling request req-116-58
2026-08-23 10:01:58 INFO Handling request req-118-59
2026-08-23 10:02:00 ERROR Database connection timeout
2026-08-23 10:02:02 INFO Handling request req-122-0
2026-08-23 10:02:04 INFO Handling request req-124-1
2026-08-23 10:02:06 INFO Handling request req-126-2
2026-08-23 10:02:08 INFO Handling request req-128-3
2026-08-23 10:02:10 INFO Handling request req-130-4
2026-08-23 10:02:12 INFO Handling request req-132-5
2026-08-23 10:02:14 INFO Handling request req-134-6
2026-08-23 10:02:16 INFO Handling request req-136-7
2026-08-23 10:02:18 INFO Handling request req-138-8
2026-08-23 10:02:20 INFO Handling request req-140-9
2026-08-23 10:02:22 INFO Handling request req-142-10
2026-08-23 10:02:24 INFO Handling request req-144-11
2026-08-23 10:02:26 INFO Handling request req-146-12
2026-08-23 10:02:28 INFO Handling request req-148-13
2026-08-23 10:02:30 INFO Handling request req-150-14
2026-08-23 10:02:32 INFO Handling request req-152-15
2026-08-23 10:02:34 INFO Handling request req-154-16
2026-08-23 10:02:36 INFO Handling request req-156-17
2026-08-23 10:02:38 INFO Handling request req-158-18
2026-08-23 10:02:40 INFO Handling request req-160-19
2026-08-23 10:02:42 INFO Handling request req-162-20
2026-08-23 10:02:44 INFO Handling request req-164-21
2026-08-23 10:02:46 INFO Handling request req-166-22
2026-08-23 10:02:48 INFO Handling request req-168-23
2026-08-23 10:02:50 INFO Handling request req-170-24
2026-08-23 10:02:52 INFO Handling request req-172-25
2026-08-23 10:02:54 INFO Handling request req-174-26
2026-08-23 10:02:56 INFO Handling request req-176-27
2026-08-23 10:02:58 INFO Handling request req-178-28
2026-08-23 10:03:00 INFO Handling request req-180-29
2026-08-23 10:03:02 INFO Handling request req-182-30
2026-08-23 10:03:04 INFO Handling request req-184-31
2026-08-23 10:03:06 INFO Handling request req-186-32
2026-08-23 10:03:08 INFO Handling request req-188-33
2026-08-23 10:03:10 INFO Handling request req-190-34
2026-08-23 10:03:12 INFO Handling request req-192-35
2026-08-23 10:03:14 INFO Handling request req-194-36
2026-08-23 10:03:16 INFO Handling request req-196-37
2026-08-23 10:03:18 INFO Handling request req-198-38
2026-08-23 10:03:20 INFO Handling request req-200-39
2026-08-23 10:03:22 INFO Handling request req-202-40
2026-08-23 10:03:24 INFO Handling request req-204-41
2026-08-23 10:03:26 INFO Handling request req-206-42
2026-08-23 10:03:28 INFO Handling request req-208-43
2026-08-23 10:03:30 INFO Handling request req-210-44
2026-08-23 10:03:32 INFO Handling request req-212-45
2026-08-23 10:03:34 INFO Handling request req-214-46
2026-08-23 10:03:36 INFO Handling request req-216-47
2026-08-23 10:03:38 INFO Handling request req-218-48
2026-08-23 10:03:40 INFO Handling request req-220-49
2026-08-23 10:03:42 INFO Handling request req-222-50
2026-08-23 10:03:44 INFO Handling request req-224-51
2026-08-23 10:03:46 INFO Handling request req-226-52
2026-08-23 10:03:48 INFO Handling request req-228-53
2026-08-23 10:03:50 INFO Handling request req-230-54
2026-08-23 10:03:52 INFO Handling request req-232-55
2026-08-23 10:03:54 INFO Handling request req-234-56
2026-08-23 10:03:56 INFO Handling request req-236-57
2026-08-23 10:03:58 INFO Handling request req-238-58
2026-08-23 10:04:00 INFO Handling request req-240-59
2026-08-23 10:04:02 ERROR Payment gateway returned HTTP 503
2026-08-23 10:04:04 INFO Handling request req-244-0
2026-08-23 10:04:06 INFO Handling request req-246-1
2026-08-23 10:04:08 INFO Handling request req-248-2
2026-08-23 10:04:10 INFO Handling request req-250-3
2026-08-23 10:04:12 INFO Handling request req-252-4
2026-08-23 10:04:14 INFO Handling request req-254-5
2026-08-23 10:04:16 INFO Handling request req-256-6
2026-08-23 10:04:18 INFO Handling request req-258-7
2026-08-23 10:04:20 INFO Handling request req-260-8
2026-08-23 10:04:22 INFO Handling request req-262-9
2026-08-23 10:04:24 INFO Handling request req-264-10
2026-08-23 10:04:26 INFO Handling request req-266-11
2026-08-23 10:04:28 INFO Handling request req-268-12
2026-08-23 10:04:30 INFO Handling request req-270-13
2026-08-23 10:04:32 INFO Handling request req-272-14
2026-08-23 10:04:34 INFO Handling request req-274-15
2026-08-23 10:04:36 INFO Handling request req-276-16
2026-08-23 10:04:38 INFO Handling request req-278-17
2026-08-23 10:04:40 INFO Handling request req-280-18
2026-08-23 10:04:42 INFO Handling request req-282-19
2026-08-23 10:04:44 INFO Handling request req-284-20
2026-08-23 10:04:46 INFO Handling request req-286-21
2026-08-23 10:04:48 INFO Handling request req-288-22
2026-08-23 10:04:50 INFO Handling request req-290-23
2026-08-23 10:04:52 INFO Handling request req-292-24
2026-08-23 10:04:54 INFO Handling request req-294-25
2026-08-23 10:04:56 INFO Handling request req-296-26
2026-08-23 10:04:58 INFO Handling request req-298-27
2026-08-23 10:05:00 INFO Handling request req-300-28
2026-08-23 10:05:02 INFO Handling request req-302-29
2026-08-23 10:05:04 INFO Handling request req-304-30
2026-08-23 10:05:06 INFO Handling request req-306-31
2026-08-23 10:05:08 INFO Handling request req-308-32
2026-08-23 10:05:10 INFO Handling request req-310-33
2026-08-23 10:05:12 INFO Handling request req-312-34
2026-08-23 10:05:14 INFO Handling request req-314-35
2026-08-23 10:05:16 INFO Handling request req-316-36
2026-08-23 10:05:18 INFO Handling request req-318-37
2026-08-23 10:05:20 INFO Handling request req-320-38
2026-08-23 10:05:22 INFO Handling request req-322-39
2026-08-23 10:05:24 INFO Handling request req-324-40
2026-08-23 10:05:26 INFO Handling request req-326-41
2026-08-23 10:05:28 INFO Handling request req-328-42
2026-08-23 10:05:30 INFO Handling request req-330-43
2026-08-23 10:05:32 INFO Handling request req-332-44
2026-08-23 10:05:34 INFO Handling request req-334-45
2026-08-23 10:05:36 INFO Handling request req-336-46
2026-08-23 10:05:38 INFO Handling request req-338-47
2026-08-23 10:05:40 INFO Handling request req-340-48
2026-08-23 10:05:42 INFO Handling request req-342-49
2026-08-23 10:05:44 INFO Handling request req-344-50
2026-08-23 10:05:46 INFO Handling request req-346-51
2026-08-23 10:05:48 INFO Handling request req-348-52
2026-08-23 10:05:50 INFO Handling request req-350-53
2026-08-23 10:05:52 INFO Handling request req-352-54
2026-08-23 10:05:54 INFO Handling request req-354-55
2026-08-23 10:05:56 INFO Handling request req-356-56
2026-08-23 10:05:58 INFO Handling request req-358-57
2026-08-23 10:06:00 INFO Handling request req-360-58
2026-08-23 10:06:02 INFO Handling request req-362-59
2026-08-23 10:06:04 ERROR Authentication failed after multiple attempts
2026-08-23 10:06:06 INFO Handling request req-366-0
2026-08-23 10:06:08 INFO Handling request req-368-1
2026-08-23 10:06:10 INFO Handling request req-370-2
2026-08-23 10:06:12 INFO Handling request req-372-3
2026-08-23 10:06:14 INFO Handling request req-374-4
2026-08-23 10:06:16 INFO Handling request req-376-5
2026-08-23 10:06:18 INFO Handling request req-378-6
2026-08-23 10:06:20 INFO Handling request req-380-7
2026-08-23 10:06:22 INFO Handling request req-382-8
2026-08-23 10:06:24 INFO Handling request req-384-9
2026-08-23 10:06:26 INFO Handling request req-386-10
2026-08-23 10:06:28 INFO Handling request req-388-11
2026-08-23 10:06:30 INFO Handling request req-390-12
2026-08-23 10:06:32 INFO Handling request req-392-13
2026-08-23 10:06:34 INFO Handling request req-394-14
2026-08-23 10:06:36 INFO Handling request req-396-15
2026-08-23 10:06:38 INFO Handling request req-398-16
2026-08-23 10:06:40 INFO Handling request req-400-17
2026-08-23 10:06:42 INFO Handling request req-402-18
2026-08-23 10:06:44 INFO Handling request req-404-19
2026-08-23 10:06:46 INFO Handling request req-406-20
2026-08-23 10:06:48 INFO Handling request req-408-21
2026-08-23 10:06:50 INFO Handling request req-410-22
2026-08-23 10:06:52 INFO Handling request req-412-23
2026-08-23 10:06:54 INFO Handling request req-414-24
2026-08-23 10:06:56 INFO Handling request req-416-25
2026-08-23 10:06:58 INFO Handling request req-418-26
2026-08-23 10:07:00 INFO Handling request req-420-27
2026-08-23 10:07:02 INFO Handling request req-422-28
2026-08-23 10:07:04 INFO Handling request req-424-29
2026-08-23 10:07:06 INFO Handling request req-426-30
2026-08-23 10:07:08 INFO Handling request req-428-31
2026-08-23 10:07:10 INFO Handling request req-430-32
2026-08-23 10:07:12 INFO Handling request req-432-33
2026-08-23 10:07:14 INFO Handling request req-434-34
2026-08-23 10:07:16 INFO Handling request req-436-35
2026-08-23 10:07:18 INFO Handling request req-438-36
2026-08-23 10:07:20 INFO Handling request req-440-37
2026-08-23 10:07:22 INFO Handling request req-442-38
2026-08-23 10:07:24 INFO Handling request req-444-39
2026-08-23 10:07:26 INFO Handling request req-446-40
2026-08-23 10:07:28 INFO Handling request req-448-41
2026-08-23 10:07:30 INFO Handling request req-450-42
2026-08-23 10:07:32 INFO Handling request req-452-43
2026-08-23 10:07:34 INFO Handling request req-454-44
2026-08-23 10:07:36 INFO Handling request req-456-45
2026-08-23 10:07:38 INFO Handling request req-458-46
2026-08-23 10:07:40 INFO Handling request req-460-47
2026-08-23 10:07:42 INFO Handling request req-462-48
2026-08-23 10:07:44 INFO Handling request req-464-49
2026-08-23 10:07:46 INFO Handling request req-466-50
2026-08-23 10:07:48 INFO Handling request req-468-51
2026-08-23 10:07:50 INFO Handling request req-470-52
2026-08-23 10:07:52 INFO Handling request req-472-53
2026-08-23 10:07:54 INFO Handling request req-474-54
2026-08-23 10:07:56 INFO Handling request req-476-55
2026-08-23 10:07:58 INFO Handling request req-478-56
2026-08-23 10:08:00 INFO Handling request req-480-57
2026-08-23 10:08:02 INFO Handling request req-482-58
2026-08-23 10:08:04 INFO Handling request req-484-59
2026-08-23 10:08:06 FATAL OutOfMemoryError: Java heap space
2026-08-23 10:08:08 INFO Handling request req-488-0
2026-08-23 10:08:10 INFO Handling request req-490-1
2026-08-23 10:08:12 INFO Handling request req-492-2
2026-08-23 10:08:14 INFO Handling request req-494-3
2026-08-23 10:08:16 INFO Handling request req-496-4
2026-08-23 10:08:18 INFO Handling request req-498-5
2026-08-23 10:08:20 INFO Handling request req-500-6
2026-08-23 10:08:22 INFO Handling request req-502-7
2026-08-23 10:08:24 INFO Handling request req-504-8
2026-08-23 10:08:26 INFO Handling request req-506-9
2026-08-23 10:08:28 INFO Handling request req-508-10
2026-08-23 10:08:30 INFO Handling request req-510-11
2026-08-23 10:08:32 INFO Handling request req-512-12
2026-08-23 10:08:34 INFO Handling request req-514-13
2026-08-23 10:08:36 INFO Handling request req-516-14
2026-08-23 10:08:38 INFO Handling request req-518-15
2026-08-23 10:08:40 INFO Handling request req-520-16
2026-08-23 10:08:42 INFO Handling request req-522-17
2026-08-23 10:08:44 INFO Handling request req-524-18
2026-08-23 10:08:46 INFO Handling request req-526-19
2026-08-23 10:08:48 INFO Handling request req-528-20
2026-08-23 10:08:50 INFO Handling request req-530-21
2026-08-23 10:08:52 INFO Handling request req-532-22
2026-08-23 10:08:54 INFO Handling request req-534-23
2026-08-23 10:08:56 INFO Handling request req-536-24
2026-08-23 10:08:58 INFO Handling request req-538-25
2026-08-23 10:09:00 INFO Handling request req-540-26
2026-08-23 10:09:02 INFO Handling request req-542-27
2026-08-23 10:09:04 INFO Handling request req-544-28
2026-08-23 10:09:06 INFO Handling request req-546-29
2026-08-23 10:09:08 INFO Handling request req-548-30
2026-08-23 10:09:10 INFO Handling request req-550-31
2026-08-23 10:09:12 INFO Handling request req-552-32
2026-08-23 10:09:14 INFO Handling request req-554-33
2026-08-23 10:09:16 INFO Handling request req-556-34
2026-08-23 10:09:18 INFO Handling request req-558-35
2026-08-23 10:09:20 INFO Handling request req-560-36
2026-08-23 10:09:22 INFO Handling request req-562-37
2026-08-23 10:09:24 INFO Handling request req-564-38
2026-08-23 10:09:26 INFO Handling request req-566-39
2026-08-23 10:09:28 INFO Handling request req-568-40
2026-08-23 10:09:30 INFO Handling request req-570-41
2026-08-23 10:09:32 INFO Handling request req-572-42
2026-08-23 10:09:34 INFO Handling request req-574-43
2026-08-23 10:09:36 INFO Handling request req-576-44
2026-08-23 10:09:38 INFO Handling request req-578-45
2026-08-23 10:09:40 INFO Handling request req-580-46
2026-08-23 10:09:42 INFO Handling request req-582-47
2026-08-23 10:09:44 INFO Handling request req-584-48
2026-08-23 10:09:46 INFO Handling request req-586-49
2026-08-23 10:09:48 INFO Handling request req-588-50
2026-08-23 10:09:50 INFO Handling request req-590-51
2026-08-23 10:09:52 INFO Handling request req-592-52
2026-08-23 10:09:54 INFO Handling request req-594-53
2026-08-23 10:09:56 INFO Handling request req-596-54
2026-08-23 10:09:58 INFO Handling request req-598-55
2026-08-23 10:10:00 INFO Handling request req-600-56
2026-08-23 10:10:02 INFO Handling request req-602-57
2026-08-23 10:10:04 INFO Handling request req-604-58
2026-08-23 10:10:06 INFO Handling request req-606-59
2026-08-23 10:10:08 ERROR Disk full, no space left on device
2026-08-23 10:10:10 INFO Handling request req-610-0
2026-08-23 10:10:12 INFO Handling request req-612-1
2026-08-23 10:10:14 INFO Handling request req-614-2
2026-08-23 10:10:16 INFO Handling request req-616-3
2026-08-23 10:10:18 INFO Handling request req-618-4
2026-08-23 10:10:20 INFO Handling request req-620-5
2026-08-23 10:10:22 INFO Handling request req-622-6
2026-08-23 10:10:24 INFO Handling request req-624-7
2026-08-23 10:10:26 INFO Handling request req-626-8
2026-08-23 10:10:28 INFO Handling request req-628-9
2026-08-23 10:10:30 INFO Handling request req-630-10
2026-08-23 10:10:32 INFO Handling request req-632-11
2026-08-23 10:10:34 INFO Handling request req-634-12
2026-08-23 10:10:36 INFO Handling request req-636-13
2026-08-23 10:10:38 INFO Handling request req-638-14
2026-08-23 10:10:40 INFO Handling request req-640-15
2026-08-23 10:10:42 INFO Handling request req-642-16
2026-08-23 10:10:44 INFO Handling request req-644-17
2026-08-23 10:10:46 INFO Handling request req-646-18
2026-08-23 10:10:48 INFO Handling request req-648-19
2026-08-23 10:10:50 INFO Handling request req-650-20
2026-08-23 10:10:52 INFO Handling request req-652-21
2026-08-23 10:10:54 INFO Handling request req-654-22
2026-08-23 10:10:56 INFO Handling request req-656-23
2026-08-23 10:10:58 INFO Handling request req-658-24
2026-08-23 10:11:00 INFO Handling request req-660-25
2026-08-23 10:11:02 INFO Handling request req-662-26
2026-08-23 10:11:04 INFO Handling request req-664-27
2026-08-23 10:11:06 INFO Handling request req-666-28
2026-08-23 10:11:08 INFO Handling request req-668-29
2026-08-23 10:11:10 INFO Handling request req-670-30
2026-08-23 10:11:12 INFO Handling request req-672-31
2026-08-23 10:11:14 INFO Handling request req-674-32
2026-08-23 10:11:16 INFO Handling request req-676-33
2026-08-23 10:11:18 INFO Handling request req-678-34
2026-08-23 10:11:20 INFO Handling request req-680-35
2026-08-23 10:11:22 INFO Handling request req-682-36
2026-08-23 10:11:24 INFO Handling request req-684-37
2026-08-23 10:11:26 INFO Handling request req-686-38
2026-08-23 10:11:28 INFO Handling request req-688-39
2026-08-23 10:11:30 INFO Handling request req-690-40
2026-08-23 10:11:32 INFO Handling request req-692-41
2026-08-23 10:11:34 INFO Handling request req-694-42
2026-08-23 10:11:36 INFO Handling request req-696-43
2026-08-23 10:11:38 INFO Handling request req-698-44
2026-08-23 10:11:40 INFO Handling request req-700-45
2026-08-23 10:11:42 INFO Handling request req-702-46
2026-08-23 10:11:44 INFO Handling request req-704-47
2026-08-23 10:11:46 INFO Handling request req-706-48
2026-08-23 10:11:48 INFO Handling request req-708-49
2026-08-23 10:11:50 INFO Handling request req-710-50
2026-08-23 10:11:52 INFO Handling request req-712-51
2026-08-23 10:11:54 INFO Handling request req-714-52
2026-08-23 10:11:56 INFO Handling request req-716-53
2026-08-23 10:11:58 INFO Handling request req-718-54
2026-08-23 10:12:00 INFO Handling request req-720-55
2026-08-23 10:12:02 INFO Handling request req-722-56
2026-08-23 10:12:04 INFO Handling request req-724-57
2026-08-23 10:12:06 INFO Handling request req-726-58
2026-08-23 10:12:08 INFO Handling request req-728-59
2026-08-23 10:12:10 ERROR NullPointerException in OrderProcessor
